// Jest Snapshot v1, https://goo.gl/fbAQLP

exports[`renders correctly 1`] = `
<View
  style={
    Array [
      Object {
        "borderColor": "#424c58",
        "borderRadius": 60,
        "borderStyle": "solid",
        "borderWidth": 2,
        "justifyContent": "center",
        "marginRight": 32,
        "paddingBottom": 32,
        "paddingLeft": 48,
        "paddingRight": 48,
        "paddingTop": 32,
      },
    ]
  }
>
  <Text
    style={
      Array [
        Object {
          "color": "#424c58",
          "fontSize": 40,
          "fontWeight": "bold",
        },
      ]
    }
  >
    STEPS: 
    4
  </Text>
</View>
`;
