// Jest Snapshot v1, https://goo.gl/fbAQLP

exports[`renders if opened 1`] = `
<View
  accessible={true}
  focusable={true}
  onClick={[Function]}
  onResponderGrant={[Function]}
  onResponderMove={[Function]}
  onResponderRelease={[Function]}
  onResponderTerminate={[Function]}
  onResponderTerminationRequest={[Function]}
  onStartShouldSetResponder={[Function]}
  style={
    Array [
      Object {
        "flexBasis": "25%",
        "flexGrow": 1,
        "marginBottom": 16,
        "marginLeft": 16,
        "marginRight": 16,
        "marginTop": 16,
      },
    ]
  }
  testID="touchable"
>
  <View
    style={
      Object {
        "alignItems": "center",
        "backfaceVisibility": "hidden",
        "backgroundColor": "#33c4b3",
        "borderRadius": 60,
        "height": "100%",
        "justifyContent": "center",
        "position": "absolute",
        "transform": Array [
          Object {
            "perspective": 500,
          },
          Object {
            "rotateY": "180deg",
          },
        ],
        "width": "100%",
      }
    }
  >
    <Text
      style={
        Array [
          Object {
            "color": "#ffffff",
            "fontSize": 60,
          },
        ]
      }
    >
      1
    </Text>
  </View>
  <View
    style={
      Object {
        "alignItems": "center",
        "backfaceVisibility": "hidden",
        "backgroundColor": "#424c58",
        "borderRadius": 60,
        "height": "100%",
        "justifyContent": "center",
        "position": "absolute",
        "transform": Array [
          Object {
            "perspective": 500,
          },
          Object {
            "rotateY": "0deg",
          },
        ],
        "width": "100%",
      }
    }
  >
    <Image
      resizeMode="contain"
      source={1}
      style={
        Array [
          Object {
            "height": "80%",
            "width": "80%",
          },
        ]
      }
    />
  </View>
</View>
`;

exports[`renders when not open 1`] = `
<View
  accessible={true}
  focusable={true}
  onClick={[Function]}
  onResponderGrant={[Function]}
  onResponderMove={[Function]}
  onResponderRelease={[Function]}
  onResponderTerminate={[Function]}
  onResponderTerminationRequest={[Function]}
  onStartShouldSetResponder={[Function]}
  style={
    Array [
      Object {
        "flexBasis": "25%",
        "flexGrow": 1,
        "marginBottom": 16,
        "marginLeft": 16,
        "marginRight": 16,
        "marginTop": 16,
      },
    ]
  }
  testID="touchable"
>
  <View
    style={
      Object {
        "alignItems": "center",
        "backfaceVisibility": "hidden",
        "backgroundColor": "#33c4b3",
        "borderRadius": 60,
        "height": "100%",
        "justifyContent": "center",
        "position": "absolute",
        "transform": Array [
          Object {
            "perspective": 500,
          },
          Object {
            "rotateY": "180deg",
          },
        ],
        "width": "100%",
      }
    }
  >
    <Text
      style={
        Array [
          Object {
            "color": "#ffffff",
            "fontSize": 60,
          },
        ]
      }
    >
      1
    </Text>
  </View>
  <View
    style={
      Object {
        "alignItems": "center",
        "backfaceVisibility": "hidden",
        "backgroundColor": "#424c58",
        "borderRadius": 60,
        "height": "100%",
        "justifyContent": "center",
        "position": "absolute",
        "transform": Array [
          Object {
            "perspective": 500,
          },
          Object {
            "rotateY": "0deg",
          },
        ],
        "width": "100%",
      }
    }
  >
    <Image
      resizeMode="contain"
      source={1}
      style={
        Array [
          Object {
            "height": "80%",
            "width": "80%",
          },
        ]
      }
    />
  </View>
</View>
`;
